12
500 499 498 497 496 495 494 491 485 479 458 436 