True
15
437 438 442 443 446 470 486 500 1 2 3 4 5 6 7 