True
15
62 463 464 471 478 483 488 1 2 3 4 5 6 7 8 